[ Command
    { command'id = 1
    , command'always = False
    , command'method = "GET"
    , command'url = [ Right "/" ]
    , command'request_body = Nothing
    , command'response_body = Just (JsonObject (Object (fromList [])))
    }
]
