[ Command
    { command'id = 1
    , command'always = False
    , command'method = "POST"
    , command'url = [ Right "/" ]
    , command'request_body = Nothing
    , command'response_body =
        Just (JsonCustom "r" (RespRef (Ref 1 Response [] (fromList []))))
    }
]
