1: GET /
---
{"g": {"z": false,
       "y": true,
       "x": null},
 "f": [1,
       2,
       3],
 "e": "abc\nxyz\tuvw",
 "d": "foo",
 "c": false,
 "b": true,
 "a": null}
