1: POST /
{"a": 0}
---
{"a": {:r 1?["a"]}}
<>
{"b": {:r 1?["a"]}}
<>
{"c": {:r 1?["a"]}}
