[ Command
    { command'ident = 1
    , command'always = False
    , command'method = "GET"
    , command'url = [ Right "/" ]
    , command'request_body = []
    , command'response_body = [ JsonObject (fromList []) ]
    }
]
