JsonObject (Object (fromList [ ( "a" , JsonNull ) ]))
