test-golden/json-parser/0002-broken-repeated-key.json:3:1:
  |
3 | }
  | ^
Repeated object keys: ["xxx"]
