JsonArray [ JsonInteger 1 , JsonInteger 2 , JsonInteger 3 ]
