test-golden/json-parser/0007-broken-top-level-string.json:1:1:
  |
1 | "abc def ghi"
  | ^
unexpected '"'
