test-golden/json-parser/0009-broken-reject-combine.json:1:13:
  |
1 | [{ "x": 1 } <> { "y": 2 }]
  |             ^
unexpected '<'
expecting ',' or ']'
